Product: MDK-ARM Lite 5.10
Component: ARM Compiler 5.04 update 1 (build 49)
Tool: armlink [5040049]

==============================================================================

Section Cross References

    startup.o(STACK) refers (Special) to heapauxi.o(.text) for __use_two_region_memory
    startup.o(HEAP) refers (Special) to heapauxi.o(.text) for __use_two_region_memory
    startup.o(RESET) refers (Special) to heapauxi.o(.text) for __use_two_region_memory
    startup.o(RESET) refers to startup.o(STACK) for Stack_Top
    startup.o(RESET) refers to __main.o(!!!main) for __main
    startup.o(.text) refers (Special) to heapauxi.o(.text) for __use_two_region_memory
    startup.o(.text) refers to startup.o(HEAP) for Heap_Mem
    startup.o(.text) refers to startup.o(STACK) for Stack_Mem
    lib_funcs.o(i.delayMS) refers to lib_funcs.o(i.delayUS) for delayUS
    lib_funcs.o(i.fgetc) refers to lib_funcs.o(i.uartRead) for uartRead
    lib_funcs.o(i.fgetc) refers to lib_funcs.o(i.uartWrite) for uartWrite
    lib_funcs.o(i.fputc) refers to lib_funcs.o(i.uartWrite) for uartWrite
    lib_funcs.o(i.initClocks) refers to lib_funcs.o(i.setupPLL0) for setupPLL0
    lib_funcs.o(i.initClocks) refers to lib_funcs.o(i.feedSeq) for feedSeq
    lib_funcs.o(i.initClocks) refers to lib_funcs.o(i.connectPLL0) for connectPLL0
    main.o(i.keypad) refers to main.o(.constdata) for .constdata
    main.o(i.keypad) refers to main.o(.data) for m
    main.o(i.main) refers to lib_funcs.o(i.initClocks) for initClocks
    main.o(i.main) refers to lib_funcs.o(i.initUART0) for initUART0
    main.o(i.main) refers to lib_funcs.o(i.initTimer0) for initTimer0
    main.o(i.main) refers to noretval__2printf.o(.text) for __2printf
    main.o(i.main) refers to lib_funcs.o(i.delayMS) for delayMS
    main.o(i.main) refers to main.o(i.recieve) for recieve
    main.o(i.recieve) refers to _printf_percent.o(.ARM.Collect$$_printf_percent$$00000000) for _printf_percent
    main.o(i.recieve) refers to _printf_d.o(.ARM.Collect$$_printf_percent$$00000009) for _printf_d
    main.o(i.recieve) refers to _printf_dec.o(.text) for _printf_int_dec
    main.o(i.recieve) refers to noretval__2printf.o(.text) for __2printf
    main.o(i.recieve) refers to lib_funcs.o(i.delayUS) for delayUS
    main.o(i.recieve) refers to lib_funcs.o(i.startTimer0) for startTimer0
    main.o(i.recieve) refers to lib_funcs.o(i.stopTimer0) for stopTimer0
    main.o(i.recieve) refers to dflt_noclz.o(x$fpl$dflt) for __aeabi_i2d
    main.o(i.recieve) refers to dmul.o(x$fpl$dmul) for __aeabi_dmul
    main.o(i.recieve) refers to ddiv.o(x$fpl$ddiv) for __aeabi_ddiv
    main.o(i.recieve) refers to dfix.o(x$fpl$dfix) for __aeabi_d2iz
    main.o(i.recieve) refers to lib_funcs.o(i.delayMS) for delayMS
    main.o(i.recieve) refers to main.o(i.keypad) for keypad
    main.o(i.recieve) refers to main.o(.data) for m
    __2printf.o(.text) refers to _printf_char_file.o(.text) for _printf_char_file
    __2printf.o(.text) refers to lib_funcs.o(.data) for __stdout
    noretval__2printf.o(.text) refers to _printf_char_file.o(.text) for _printf_char_file
    noretval__2printf.o(.text) refers to lib_funcs.o(.data) for __stdout
    __printf.o(.text) refers to __printf.o(i.__ARM_common_call_via_r1) for __ARM_common_call_via_r1
    __printf.o(.text) refers to _printf_percent.o(.ARM.Collect$$_printf_percent$$00000000) for _printf_percent
    __printf.o(.text) refers to __printf.o(i.__ARM_common_call_via_r2) for __ARM_common_call_via_r2
    _printf_dec.o(.text) refers to rtudiv10.o(.text) for __rt_udiv10
    _printf_dec.o(.text) refers to _printf_intcommon.o(.text) for _printf_int_common
    __printf_flags.o(.text) refers to __printf.o(i.__ARM_common_call_via_r1) for __ARM_common_call_via_r1
    __printf_flags.o(.text) refers to _printf_percent.o(.ARM.Collect$$_printf_percent$$00000000) for _printf_percent
    __printf_flags.o(.text) refers to __printf.o(i.__ARM_common_call_via_r2) for __ARM_common_call_via_r2
    __printf_flags.o(.text) refers to __printf_flags.o(.constdata) for .constdata
    __printf_ss.o(.text) refers to __printf.o(i.__ARM_common_call_via_r1) for __ARM_common_call_via_r1
    __printf_ss.o(.text) refers to _printf_percent.o(.ARM.Collect$$_printf_percent$$00000000) for _printf_percent
    __printf_ss.o(.text) refers to __printf.o(i.__ARM_common_call_via_r2) for __ARM_common_call_via_r2
    __printf_flags_ss.o(.text) refers to __printf.o(i.__ARM_common_call_via_r1) for __ARM_common_call_via_r1
    __printf_flags_ss.o(.text) refers to _printf_percent.o(.ARM.Collect$$_printf_percent$$00000000) for _printf_percent
    __printf_flags_ss.o(.text) refers to __printf.o(i.__ARM_common_call_via_r2) for __ARM_common_call_via_r2
    __printf_flags_ss.o(.text) refers to __printf_flags_ss.o(.constdata) for .constdata
    __printf_wp.o(.text) refers to __printf.o(i.__ARM_common_call_via_r1) for __ARM_common_call_via_r1
    __printf_wp.o(.text) refers to __printf_wp.o(i._is_digit) for _is_digit
    __printf_wp.o(.text) refers to _printf_percent.o(.ARM.Collect$$_printf_percent$$00000000) for _printf_percent
    __printf_wp.o(.text) refers to __printf.o(i.__ARM_common_call_via_r2) for __ARM_common_call_via_r2
    __printf_flags_wp.o(.text) refers to __printf.o(i.__ARM_common_call_via_r1) for __ARM_common_call_via_r1
    __printf_flags_wp.o(.text) refers to __printf_wp.o(i._is_digit) for _is_digit
    __printf_flags_wp.o(.text) refers to _printf_percent.o(.ARM.Collect$$_printf_percent$$00000000) for _printf_percent
    __printf_flags_wp.o(.text) refers to __printf.o(i.__ARM_common_call_via_r2) for __ARM_common_call_via_r2
    __printf_flags_wp.o(.text) refers to __printf_flags_wp.o(.constdata) for .constdata
    __printf_ss_wp.o(.text) refers to __printf.o(i.__ARM_common_call_via_r1) for __ARM_common_call_via_r1
    __printf_ss_wp.o(.text) refers to __printf_wp.o(i._is_digit) for _is_digit
    __printf_ss_wp.o(.text) refers to _printf_percent.o(.ARM.Collect$$_printf_percent$$00000000) for _printf_percent
    __printf_ss_wp.o(.text) refers to __printf.o(i.__ARM_common_call_via_r2) for __ARM_common_call_via_r2
    __printf_flags_ss_wp.o(.text) refers to __printf.o(i.__ARM_common_call_via_r1) for __ARM_common_call_via_r1
    __printf_flags_ss_wp.o(.text) refers to __printf_wp.o(i._is_digit) for _is_digit
    __printf_flags_ss_wp.o(.text) refers to _printf_percent.o(.ARM.Collect$$_printf_percent$$00000000) for _printf_percent
    __printf_flags_ss_wp.o(.text) refers to __printf.o(i.__ARM_common_call_via_r2) for __ARM_common_call_via_r2
    __printf_flags_ss_wp.o(.text) refers to __printf_flags_ss_wp.o(.constdata) for .constdata
    _printf_d.o(.ARM.Collect$$_printf_percent$$00000009) refers (Weak) to _printf_dec.o(.text) for _printf_int_dec
    _printf_percent.o(.ARM.Collect$$_printf_percent$$00000000) refers (Special) to _printf_percent_end.o(.ARM.Collect$$_printf_percent$$00000017) for _printf_percent_end
    __main.o(!!!main) refers to rtentry.o(.ARM.Collect$$rtentry$$00000000) for __rt_entry
    ddiv.o(x$fpl$drdiv) refers (Special) to usenofp.o(x$fpl$usenofp) for __I$use$fp
    ddiv.o(x$fpl$drdiv) refers to ddiv.o(x$fpl$ddiv) for ddiv_entry
    ddiv.o(x$fpl$ddiv) refers (Special) to usenofp.o(x$fpl$usenofp) for __I$use$fp
    ddiv.o(x$fpl$ddiv) refers to dretinf.o(x$fpl$dretinf) for __fpl_dretinf
    ddiv.o(x$fpl$ddiv) refers to dnaninf.o(x$fpl$dnaninf) for __fpl_dnaninf
    dfix.o(x$fpl$dfix) refers (Special) to usenofp.o(x$fpl$usenofp) for __I$use$fp
    dfix.o(x$fpl$dfix) refers to dnaninf.o(x$fpl$dnaninf) for __fpl_dnaninf
    dfix.o(x$fpl$dfixr) refers (Special) to usenofp.o(x$fpl$usenofp) for __I$use$fp
    dfix.o(x$fpl$dfixr) refers to dnaninf.o(x$fpl$dnaninf) for __fpl_dnaninf
    dflt_noclz.o(x$fpl$dfltu) refers (Special) to usenofp.o(x$fpl$usenofp) for __I$use$fp
    dflt_noclz.o(x$fpl$dfltu) refers to dflt_noclz.o(x$fpl$dflt) for __dflt_normalise
    dflt_noclz.o(x$fpl$dflt) refers (Special) to usenofp.o(x$fpl$usenofp) for __I$use$fp
    dmul.o(x$fpl$dmul) refers (Special) to usenofp.o(x$fpl$usenofp) for __I$use$fp
    dmul.o(x$fpl$dmul) refers to dretinf.o(x$fpl$dretinf) for __fpl_dretinf
    dmul.o(x$fpl$dmul) refers to dnaninf.o(x$fpl$dnaninf) for __fpl_dnaninf
    rtentry.o(.ARM.Collect$$rtentry$$00000000) refers (Special) to rtentry2.o(.ARM.Collect$$rtentry$$0000000A) for __rt_entry_li
    rtentry.o(.ARM.Collect$$rtentry$$00000000) refers (Special) to rtentry2.o(.ARM.Collect$$rtentry$$0000000D) for __rt_entry_main
    rtentry.o(.ARM.Collect$$rtentry$$00000000) refers (Special) to rtentry2.o(.ARM.Collect$$rtentry$$0000000C) for __rt_entry_postli_1
    rtentry.o(.ARM.Collect$$rtentry$$00000000) refers (Special) to rtentry2.o(.ARM.Collect$$rtentry$$00000009) for __rt_entry_postsh_1
    rtentry.o(.ARM.Collect$$rtentry$$00000000) refers (Special) to rtentry2.o(.ARM.Collect$$rtentry$$00000002) for __rt_entry_presh_1
    rtentry.o(.ARM.Collect$$rtentry$$00000000) refers (Special) to rtentry4.o(.ARM.Collect$$rtentry$$00000004) for __rt_entry_sh
    _printf_intcommon.o(.text) refers to __printf.o(i.__ARM_common_call_via_r2) for __ARM_common_call_via_r2
    _printf_char_file.o(.text) refers to _printf_char_common.o(.text) for _printf_char_common
    _printf_char_file.o(.text) refers to ferror.o(.text) for ferror
    _printf_char_file.o(.text) refers to lib_funcs.o(i.fputc) for fputc
    dnaninf.o(x$fpl$dnaninf) refers (Special) to usenofp.o(x$fpl$usenofp) for __I$use$fp
    dretinf.o(x$fpl$dretinf) refers (Special) to usenofp.o(x$fpl$usenofp) for __I$use$fp
    rtentry2.o(.ARM.Collect$$rtentry$$00000008) refers to boardinit2.o(.text) for _platform_post_stackheap_init
    rtentry2.o(.ARM.Collect$$rtentry$$0000000A) refers to libinit.o(.ARM.Collect$$libinit$$00000000) for __rt_lib_init
    rtentry2.o(.ARM.Collect$$rtentry$$0000000B) refers to boardinit3.o(.text) for _platform_post_lib_init
    rtentry2.o(.ARM.Collect$$rtentry$$0000000D) refers to exit.o(.text) for exit
    rtentry2.o(.ARM.Collect$$rtentry$$0000000D) refers to main.o(i.main) for main
    rtentry2.o(.ARM.exidx) refers to rtentry2.o(.ARM.Collect$$rtentry$$00000001) for .ARM.Collect$$rtentry$$00000001
    rtentry2.o(.ARM.exidx) refers to rtentry2.o(.ARM.Collect$$rtentry$$00000008) for .ARM.Collect$$rtentry$$00000008
    rtentry2.o(.ARM.exidx) refers to rtentry2.o(.ARM.Collect$$rtentry$$0000000A) for .ARM.Collect$$rtentry$$0000000A
    rtentry2.o(.ARM.exidx) refers to rtentry2.o(.ARM.Collect$$rtentry$$0000000B) for .ARM.Collect$$rtentry$$0000000B
    rtentry2.o(.ARM.exidx) refers to rtentry2.o(.ARM.Collect$$rtentry$$0000000D) for .ARM.Collect$$rtentry$$0000000D
    rtentry4.o(.ARM.Collect$$rtentry$$00000004) refers to sys_stackheap_outer.o(.text) for __user_setup_stackheap
    rtentry4.o(.ARM.exidx) refers to rtentry4.o(.ARM.Collect$$rtentry$$00000004) for .ARM.Collect$$rtentry$$00000004
    _printf_char_common.o(.text) refers to __printf.o(.text) for __printf
    sys_stackheap_outer.o(.text) refers to libspace.o(.text) for __user_perproc_libspace
    sys_stackheap_outer.o(.text) refers to startup.o(.text) for __user_initial_stackheap
    __printf_nopercent.o(.text) refers to __printf_nopercent.o(i.__ARM_common_call_via_r7) for __ARM_common_call_via_r7
    __printf_nopercent.o(.text) refers to __printf_nopercent.o(i.__ARM_common_call_via_r5) for __ARM_common_call_via_r5
    exit.o(.text) refers to rtexit.o(.ARM.Collect$$rtexit$$00000000) for __rt_exit
    libinit.o(.ARM.Collect$$libinit$$00000000) refers (Special) to libinit2.o(.ARM.Collect$$libinit$$0000002C) for __rt_lib_init_alloca_1
    libinit.o(.ARM.Collect$$libinit$$00000000) refers (Special) to libinit2.o(.ARM.Collect$$libinit$$0000002A) for __rt_lib_init_argv_1
    libinit.o(.ARM.Collect$$libinit$$00000000) refers (Special) to libinit2.o(.ARM.Collect$$libinit$$00000019) for __rt_lib_init_atexit_1
    libinit.o(.ARM.Collect$$libinit$$00000000) refers (Special) to libinit2.o(.ARM.Collect$$libinit$$0000001F) for __rt_lib_init_clock_1
    libinit.o(.ARM.Collect$$libinit$$00000000) refers (Special) to libinit2.o(.ARM.Collect$$libinit$$00000030) for __rt_lib_init_cpp_1
    libinit.o(.ARM.Collect$$libinit$$00000000) refers (Special) to libinit2.o(.ARM.Collect$$libinit$$0000002E) for __rt_lib_init_exceptions_1
    libinit.o(.ARM.Collect$$libinit$$00000000) refers (Special) to libinit2.o(.ARM.Collect$$libinit$$00000002) for __rt_lib_init_fp_1
    libinit.o(.ARM.Collect$$libinit$$00000000) refers (Special) to libinit2.o(.ARM.Collect$$libinit$$0000001D) for __rt_lib_init_fp_trap_1
    libinit.o(.ARM.Collect$$libinit$$00000000) refers (Special) to libinit2.o(.ARM.Collect$$libinit$$00000021) for __rt_lib_init_getenv_1
    libinit.o(.ARM.Collect$$libinit$$00000000) refers (Special) to libinit2.o(.ARM.Collect$$libinit$$00000008) for __rt_lib_init_heap_1
    libinit.o(.ARM.Collect$$libinit$$00000000) refers (Special) to libinit2.o(.ARM.Collect$$libinit$$0000000F) for __rt_lib_init_lc_collate_1
    libinit.o(.ARM.Collect$$libinit$$00000000) refers (Special) to libinit2.o(.ARM.Collect$$libinit$$00000011) for __rt_lib_init_lc_ctype_1
    libinit.o(.ARM.Collect$$libinit$$00000000) refers (Special) to libinit2.o(.ARM.Collect$$libinit$$00000013) for __rt_lib_init_lc_monetary_1
    libinit.o(.ARM.Collect$$libinit$$00000000) refers (Special) to libinit2.o(.ARM.Collect$$libinit$$00000015) for __rt_lib_init_lc_numeric_1
    libinit.o(.ARM.Collect$$libinit$$00000000) refers (Special) to libinit2.o(.ARM.Collect$$libinit$$00000017) for __rt_lib_init_lc_time_1
    libinit.o(.ARM.Collect$$libinit$$00000000) refers (Special) to libinit2.o(.ARM.Collect$$libinit$$0000000C) for __rt_lib_init_rand_1
    libinit.o(.ARM.Collect$$libinit$$00000000) refers (Special) to libinit2.o(.ARM.Collect$$libinit$$00000031) for __rt_lib_init_return
    libinit.o(.ARM.Collect$$libinit$$00000000) refers (Special) to libinit2.o(.ARM.Collect$$libinit$$0000001B) for __rt_lib_init_signal_1
    libinit.o(.ARM.Collect$$libinit$$00000000) refers (Special) to libinit2.o(.ARM.Collect$$libinit$$00000023) for __rt_lib_init_stdio_1
    libinit.o(.ARM.Collect$$libinit$$00000000) refers (Special) to libinit2.o(.ARM.Collect$$libinit$$0000000A) for __rt_lib_init_user_alloc_1
    libspace.o(.text) refers to libspace.o(.bss) for __libspace_start
    rtexit.o(.ARM.Collect$$rtexit$$00000000) refers (Special) to rtexit2.o(.ARM.Collect$$rtexit$$00000004) for __rt_exit_exit
    rtexit.o(.ARM.Collect$$rtexit$$00000000) refers (Special) to rtexit2.o(.ARM.Collect$$rtexit$$00000003) for __rt_exit_ls
    rtexit.o(.ARM.Collect$$rtexit$$00000000) refers (Special) to rtexit2.o(.ARM.Collect$$rtexit$$00000002) for __rt_exit_prels_1
    rtexit.o(.ARM.exidx) refers (Special) to rtexit2.o(.ARM.Collect$$rtexit$$00000004) for __rt_exit_exit
    rtexit.o(.ARM.exidx) refers (Special) to rtexit2.o(.ARM.Collect$$rtexit$$00000003) for __rt_exit_ls
    rtexit.o(.ARM.exidx) refers (Special) to rtexit2.o(.ARM.Collect$$rtexit$$00000002) for __rt_exit_prels_1
    rtexit.o(.ARM.exidx) refers to rtexit.o(.ARM.Collect$$rtexit$$00000000) for .ARM.Collect$$rtexit$$00000000
    libinit2.o(.ARM.Collect$$libinit$$00000001) refers to fpinit.o(x$fpl$fpinit) for _fp_init
    libinit2.o(.ARM.Collect$$libinit$$0000000E) refers to libinit2.o(.ARM.Collect$$libinit$$0000000D) for .ARM.Collect$$libinit$$0000000D
    libinit2.o(.ARM.Collect$$libinit$$00000010) refers to libinit2.o(.ARM.Collect$$libinit$$0000000D) for .ARM.Collect$$libinit$$0000000D
    libinit2.o(.ARM.Collect$$libinit$$00000012) refers to libinit2.o(.ARM.Collect$$libinit$$0000000D) for .ARM.Collect$$libinit$$0000000D
    libinit2.o(.ARM.Collect$$libinit$$00000014) refers to libinit2.o(.ARM.Collect$$libinit$$0000000D) for .ARM.Collect$$libinit$$0000000D
    libinit2.o(.ARM.Collect$$libinit$$00000016) refers to libinit2.o(.ARM.Collect$$libinit$$0000000D) for .ARM.Collect$$libinit$$0000000D
    libinit2.o(.ARM.Collect$$libinit$$00000024) refers to argv_veneer.o(.emb_text) for __ARM_argv_veneer
    libinit2.o(.ARM.Collect$$libinit$$00000025) refers to argv_veneer.o(.emb_text) for __ARM_argv_veneer
    rtexit2.o(.ARM.Collect$$rtexit$$00000003) refers to libshutdown.o(.ARM.Collect$$libshutdown$$00000000) for __rt_lib_shutdown
    rtexit2.o(.ARM.Collect$$rtexit$$00000004) refers to sys_exit.o(.text) for _sys_exit
    rtexit2.o(.ARM.exidx) refers to rtexit2.o(.ARM.Collect$$rtexit$$00000001) for .ARM.Collect$$rtexit$$00000001
    rtexit2.o(.ARM.exidx) refers to rtexit2.o(.ARM.Collect$$rtexit$$00000003) for .ARM.Collect$$rtexit$$00000003
    rtexit2.o(.ARM.exidx) refers to rtexit2.o(.ARM.Collect$$rtexit$$00000004) for .ARM.Collect$$rtexit$$00000004
    argv_veneer.o(.emb_text) refers to no_argv.o(.text) for __ARM_get_argv
    sys_exit.o(.text) refers (Special) to use_no_semi.o(.text) for __I$use$semihosting
    sys_exit.o(.text) refers (Special) to indicate_semi.o(.text) for __semihosting_library_function
    _get_argv_nomalloc.o(.text) refers (Special) to hrguard.o(.text) for __heap_region$guard
    _get_argv_nomalloc.o(.text) refers to defsig_rtmem_outer.o(.text) for __rt_SIGRTMEM
    _get_argv_nomalloc.o(.text) refers to sys_command.o(.text) for _sys_command_string
    libshutdown.o(.ARM.Collect$$libshutdown$$00000000) refers (Special) to libshutdown2.o(.ARM.Collect$$libshutdown$$00000006) for __rt_lib_shutdown_fp_trap_1
    libshutdown.o(.ARM.Collect$$libshutdown$$00000000) refers (Special) to libshutdown2.o(.ARM.Collect$$libshutdown$$0000000E) for __rt_lib_shutdown_heap_1
    libshutdown.o(.ARM.Collect$$libshutdown$$00000000) refers (Special) to libshutdown2.o(.ARM.Collect$$libshutdown$$0000000F) for __rt_lib_shutdown_return
    libshutdown.o(.ARM.Collect$$libshutdown$$00000000) refers (Special) to libshutdown2.o(.ARM.Collect$$libshutdown$$00000009) for __rt_lib_shutdown_signal_1
    libshutdown.o(.ARM.Collect$$libshutdown$$00000000) refers (Special) to libshutdown2.o(.ARM.Collect$$libshutdown$$00000003) for __rt_lib_shutdown_stdio_1
    libshutdown.o(.ARM.Collect$$libshutdown$$00000000) refers (Special) to libshutdown2.o(.ARM.Collect$$libshutdown$$0000000B) for __rt_lib_shutdown_user_alloc_1
    sys_command.o(.text) refers (Special) to use_no_semi.o(.text) for __I$use$semihosting
    sys_command.o(.text) refers (Special) to indicate_semi.o(.text) for __semihosting_library_function
    defsig_rtmem_outer.o(.text) refers to defsig_rtmem_inner.o(.text) for __rt_SIGRTMEM_inner
    defsig_rtmem_outer.o(.text) refers to defsig_exit.o(.text) for __sig_exit
    defsig_rtmem_formal.o(.text) refers to rt_raise.o(.text) for __rt_raise
    rt_raise.o(.text) refers to __raise.o(.text) for __raise
    rt_raise.o(.text) refers to sys_exit.o(.text) for _sys_exit
    defsig_exit.o(.text) refers to sys_exit.o(.text) for _sys_exit
    defsig_rtmem_inner.o(.text) refers to defsig_general.o(.text) for __default_signal_display
    __raise.o(.text) refers to __printf.o(i.__ARM_common_call_via_r2) for __ARM_common_call_via_r2
    __raise.o(.text) refers to defsig.o(CL$$defsig) for __default_signal_handler
    defsig_general.o(.text) refers to sys_wrch.o(.text) for _ttywrch
    sys_wrch.o(.text) refers (Special) to use_no_semi.o(.text) for __I$use$semihosting
    sys_wrch.o(.text) refers (Special) to indicate_semi.o(.text) for __semihosting_library_function
    defsig.o(CL$$defsig) refers to defsig_rtmem_inner.o(.text) for __rt_SIGRTMEM_inner
    defsig_abrt_inner.o(.text) refers to defsig_general.o(.text) for __default_signal_display
    defsig_fpe_inner.o(.text) refers to defsig_general.o(.text) for __default_signal_display
    defsig_rtred_inner.o(.text) refers to defsig_general.o(.text) for __default_signal_display
    defsig_stak_inner.o(.text) refers to defsig_general.o(.text) for __default_signal_display
    defsig_pvfn_inner.o(.text) refers to defsig_general.o(.text) for __default_signal_display
    defsig_cppl_inner.o(.text) refers to defsig_general.o(.text) for __default_signal_display
    defsig_segv_inner.o(.text) refers to defsig_general.o(.text) for __default_signal_display
    defsig_other.o(.text) refers to defsig_general.o(.text) for __default_signal_display


==============================================================================

Removing Unused input sections from the image.

    Removing lib_funcs.o(i.fgetc), (36 bytes).
    Removing lib_funcs.o(i.uartRead), (40 bytes).
    Removing main.o(i.intTimer), (52 bytes).

3 unused section(s) (total 128 bytes) removed from the image.

==============================================================================

Adding Veneers to the image

    Adding TA veneer (4 bytes, Inline) for call to '_printf_percent' from __printf.o(.text).
    Adding AT veneer (8 bytes, Inline) for call to '__rt_lib_init' from rtentry2.o(.ARM.Collect$$rtentry$$0000000A).
    Adding AT veneer (8 bytes, Inline) for call to '__rt_lib_shutdown' from rtexit2.o(.ARM.Collect$$rtexit$$00000003).
    Adding TA veneer (4 bytes, Inline) for call to '__rt_exit' from exit.o(.text).
    Adding AT veneer (8 bytes, Inline) for call to '__2printf' from main.o(i.main).
    Adding AT veneer (8 bytes, Inline) for call to '_printf_int_dec' from _printf_d.o(.ARM.Collect$$_printf_percent$$00000009).
    Adding TA veneer (4 bytes, Inline) for call to '__rt_udiv10' from _printf_dec.o(.text).
    Adding AT veneer (8 bytes, Inline) for call to '_sys_exit' from rtexit2.o(.ARM.Collect$$rtexit$$00000004).

8 Veneer(s) (total 52 bytes) added to the image.

==============================================================================

Image Symbol Table

    Local Symbols

    Symbol Name                              Value     Ov Type        Size  Object(Section)

    RESET                                    0x00000000   Section      272  startup.o(RESET)
    ../clib/angel/boardlib.s                 0x00000000   Number         0  boardinit1.o ABSOLUTE
    ../clib/angel/boardlib.s                 0x00000000   Number         0  boardinit2.o ABSOLUTE
    ../clib/angel/boardlib.s                 0x00000000   Number         0  boardinit3.o ABSOLUTE
    ../clib/angel/boardlib.s                 0x00000000   Number         0  boardshut.o ABSOLUTE
    ../clib/angel/handlers.s                 0x00000000   Number         0  __scatter_zi.o ABSOLUTE
    ../clib/angel/handlers.s                 0x00000000   Number         0  __scatter_copy.o ABSOLUTE
    ../clib/angel/kernel.s                   0x00000000   Number         0  rtexit2.o ABSOLUTE
    ../clib/angel/kernel.s                   0x00000000   Number         0  rtentry.o ABSOLUTE
    ../clib/angel/kernel.s                   0x00000000   Number         0  rtentry2.o ABSOLUTE
    ../clib/angel/kernel.s                   0x00000000   Number         0  rtexit.o ABSOLUTE
    ../clib/angel/kernel.s                   0x00000000   Number         0  rtentry4.o ABSOLUTE
    ../clib/angel/rt.s                       0x00000000   Number         0  rt_raise.o ABSOLUTE
    ../clib/angel/scatter.s                  0x00000000   Number         0  __scatter.o ABSOLUTE
    ../clib/angel/startup.s                  0x00000000   Number         0  __main.o ABSOLUTE
    ../clib/angel/sys.s                      0x00000000   Number         0  sys_stackheap_outer.o ABSOLUTE
    ../clib/angel/sys.s                      0x00000000   Number         0  use_no_semi.o ABSOLUTE
    ../clib/angel/sys.s                      0x00000000   Number         0  libspace.o ABSOLUTE
    ../clib/angel/sys.s                      0x00000000   Number         0  indicate_semi.o ABSOLUTE
    ../clib/angel/sysapp.c                   0x00000000   Number         0  sys_wrch.o ABSOLUTE
    ../clib/angel/sysapp.c                   0x00000000   Number         0  sys_exit.o ABSOLUTE
    ../clib/angel/sysapp.c                   0x00000000   Number         0  sys_command.o ABSOLUTE
    ../clib/armsys.c                         0x00000000   Number         0  _get_argv_nomalloc.o ABSOLUTE
    ../clib/armsys.c                         0x00000000   Number         0  argv_veneer.o ABSOLUTE
    ../clib/armsys.c                         0x00000000   Number         0  argv_veneer.o ABSOLUTE
    ../clib/armsys.c                         0x00000000   Number         0  no_argv.o ABSOLUTE
    ../clib/division.s                       0x00000000   Number         0  rtudiv10.o ABSOLUTE
    ../clib/heapalloc.c                      0x00000000   Number         0  hrguard.o ABSOLUTE
    ../clib/heapaux.c                        0x00000000   Number         0  heapauxi.o ABSOLUTE
    ../clib/libinit.s                        0x00000000   Number         0  libinit.o ABSOLUTE
    ../clib/libinit.s                        0x00000000   Number         0  libshutdown.o ABSOLUTE
    ../clib/libinit.s                        0x00000000   Number         0  libshutdown2.o ABSOLUTE
    ../clib/libinit.s                        0x00000000   Number         0  libinit2.o ABSOLUTE
    ../clib/printf.c                         0x00000000   Number         0  __printf_flags_ss.o ABSOLUTE
    ../clib/printf.c                         0x00000000   Number         0  noretval__2printf.o ABSOLUTE
    ../clib/printf.c                         0x00000000   Number         0  __printf_ss_wp.o ABSOLUTE
    ../clib/printf.c                         0x00000000   Number         0  __printf_flags_ss_wp.o ABSOLUTE
    ../clib/printf.c                         0x00000000   Number         0  __printf_flags_wp.o ABSOLUTE
    ../clib/printf.c                         0x00000000   Number         0  _printf_char_common.o ABSOLUTE
    ../clib/printf.c                         0x00000000   Number         0  _printf_intcommon.o ABSOLUTE
    ../clib/printf.c                         0x00000000   Number         0  _printf_char_file.o ABSOLUTE
    ../clib/printf.c                         0x00000000   Number         0  __printf_nopercent.o ABSOLUTE
    ../clib/printf.c                         0x00000000   Number         0  __2printf.o ABSOLUTE
    ../clib/printf.c                         0x00000000   Number         0  __printf.o ABSOLUTE
    ../clib/printf.c                         0x00000000   Number         0  _printf_dec.o ABSOLUTE
    ../clib/printf.c                         0x00000000   Number         0  __printf_flags.o ABSOLUTE
    ../clib/printf.c                         0x00000000   Number         0  __printf_ss.o ABSOLUTE
    ../clib/printf.c                         0x00000000   Number         0  __printf_wp.o ABSOLUTE
    ../clib/printf_percent.s                 0x00000000   Number         0  _printf_d.o ABSOLUTE
    ../clib/printf_percent.s                 0x00000000   Number         0  _printf_percent_end.o ABSOLUTE
    ../clib/printf_percent.s                 0x00000000   Number         0  _printf_percent.o ABSOLUTE
    ../clib/signal.c                         0x00000000   Number         0  defsig_segv_inner.o ABSOLUTE
    ../clib/signal.c                         0x00000000   Number         0  defsig_cppl_inner.o ABSOLUTE
    ../clib/signal.c                         0x00000000   Number         0  defsig_pvfn_inner.o ABSOLUTE
    ../clib/signal.c                         0x00000000   Number         0  defsig_general.o ABSOLUTE
    ../clib/signal.c                         0x00000000   Number         0  defsig_rtmem_formal.o ABSOLUTE
    ../clib/signal.c                         0x00000000   Number         0  defsig_other.o ABSOLUTE
    ../clib/signal.c                         0x00000000   Number         0  __raise.o ABSOLUTE
    ../clib/signal.c                         0x00000000   Number         0  defsig_rtmem_outer.o ABSOLUTE
    ../clib/signal.c                         0x00000000   Number         0  defsig_rtmem_inner.o ABSOLUTE
    ../clib/signal.c                         0x00000000   Number         0  defsig_stak_inner.o ABSOLUTE
    ../clib/signal.c                         0x00000000   Number         0  defsig_rtred_inner.o ABSOLUTE
    ../clib/signal.c                         0x00000000   Number         0  defsig_fpe_inner.o ABSOLUTE
    ../clib/signal.c                         0x00000000   Number         0  defsig_abrt_inner.o ABSOLUTE
    ../clib/signal.c                         0x00000000   Number         0  defsig_exit.o ABSOLUTE
    ../clib/signal.s                         0x00000000   Number         0  defsig.o ABSOLUTE
    ../clib/stdio.c                          0x00000000   Number         0  ferror_locked.o ABSOLUTE
    ../clib/stdio.c                          0x00000000   Number         0  ferror.o ABSOLUTE
    ../clib/stdlib.c                         0x00000000   Number         0  exit.o ABSOLUTE
    ../fplib/ddiv.s                          0x00000000   Number         0  ddiv.o ABSOLUTE
    ../fplib/dfix.s                          0x00000000   Number         0  dfix.o ABSOLUTE
    ../fplib/dflt.s                          0x00000000   Number         0  dflt_noclz.o ABSOLUTE
    ../fplib/dmul.s                          0x00000000   Number         0  dmul.o ABSOLUTE
    ../fplib/dnaninf.s                       0x00000000   Number         0  dnaninf.o ABSOLUTE
    ../fplib/dretinf.s                       0x00000000   Number         0  dretinf.o ABSOLUTE
    ../fplib/fpinit.s                        0x00000000   Number         0  fpinit.o ABSOLUTE
    ../fplib/usenofp.s                       0x00000000   Number         0  usenofp.o ABSOLUTE
    Startup.s                                0x00000000   Number         0  startup.o ABSOLUTE
    dc.s                                     0x00000000   Number         0  dc.o ABSOLUTE
    lib_funcs.c                              0x00000000   Number         0  lib_funcs.o ABSOLUTE
    main.c                                   0x00000000   Number         0  main.o ABSOLUTE
    Undef_Handler                            0x00000040   ARM Code       4  startup.o(RESET)
    SWI_Handler                              0x00000044   ARM Code       4  startup.o(RESET)
    PAbt_Handler                             0x00000048   ARM Code       4  startup.o(RESET)
    DAbt_Handler                             0x0000004c   ARM Code       4  startup.o(RESET)
    IRQ_Handler                              0x00000050   ARM Code       4  startup.o(RESET)
    FIQ_Handler                              0x00000054   ARM Code       4  startup.o(RESET)
    !!!main                                  0x00000110   Section        8  __main.o(!!!main)
    !!!scatter                               0x00000118   Section       60  __scatter.o(!!!scatter)
    !!handler_copy                           0x00000154   Section       40  __scatter_copy.o(!!handler_copy)
    !!handler_zi                             0x0000017c   Section       44  __scatter_zi.o(!!handler_zi)
    .ARM.Collect$$_printf_percent$$00000000  0x000001ac   Section        0  _printf_percent.o(.ARM.Collect$$_printf_percent$$00000000)
    .ARM.Collect$$_printf_percent$$00000009  0x000001ac   Section        8  _printf_d.o(.ARM.Collect$$_printf_percent$$00000009)
    .ARM.Collect$$_printf_percent$$00000017  0x000001b4   Section        8  _printf_percent_end.o(.ARM.Collect$$_printf_percent$$00000017)
    .ARM.Collect$$libinit$$00000000          0x000001c4   Section        2  libinit.o(.ARM.Collect$$libinit$$00000000)
    .ARM.Collect$$libinit$$00000002          0x000001c6   Section        0  libinit2.o(.ARM.Collect$$libinit$$00000002)
    .ARM.Collect$$libinit$$00000008          0x000001c6   Section        0  libinit2.o(.ARM.Collect$$libinit$$00000008)
    .ARM.Collect$$libinit$$0000000A          0x000001c6   Section        0  libinit2.o(.ARM.Collect$$libinit$$0000000A)
    .ARM.Collect$$libinit$$0000000C          0x000001c6   Section        0  libinit2.o(.ARM.Collect$$libinit$$0000000C)
    .ARM.Collect$$libinit$$0000000F          0x000001c6   Section        0  libinit2.o(.ARM.Collect$$libinit$$0000000F)
    .ARM.Collect$$libinit$$00000011          0x000001c6   Section        0  libinit2.o(.ARM.Collect$$libinit$$00000011)
    .ARM.Collect$$libinit$$00000013          0x000001c6   Section        0  libinit2.o(.ARM.Collect$$libinit$$00000013)
    .ARM.Collect$$libinit$$00000015          0x000001c6   Section        0  libinit2.o(.ARM.Collect$$libinit$$00000015)
    .ARM.Collect$$libinit$$00000017          0x000001c6   Section        0  libinit2.o(.ARM.Collect$$libinit$$00000017)
    .ARM.Collect$$libinit$$00000019          0x000001c6   Section        0  libinit2.o(.ARM.Collect$$libinit$$00000019)
    .ARM.Collect$$libinit$$0000001B          0x000001c6   Section        0  libinit2.o(.ARM.Collect$$libinit$$0000001B)
    .ARM.Collect$$libinit$$0000001D          0x000001c6   Section        0  libinit2.o(.ARM.Collect$$libinit$$0000001D)
    .ARM.Collect$$libinit$$0000001F          0x000001c6   Section        0  libinit2.o(.ARM.Collect$$libinit$$0000001F)
    .ARM.Collect$$libinit$$00000021          0x000001c6   Section        0  libinit2.o(.ARM.Collect$$libinit$$00000021)
    .ARM.Collect$$libinit$$00000023          0x000001c6   Section        0  libinit2.o(.ARM.Collect$$libinit$$00000023)
    .ARM.Collect$$libinit$$0000002A          0x000001c6   Section        0  libinit2.o(.ARM.Collect$$libinit$$0000002A)
    .ARM.Collect$$libinit$$0000002C          0x000001c6   Section        0  libinit2.o(.ARM.Collect$$libinit$$0000002C)
    .ARM.Collect$$libinit$$0000002E          0x000001c6   Section        0  libinit2.o(.ARM.Collect$$libinit$$0000002E)
    .ARM.Collect$$libinit$$00000030          0x000001c6   Section        0  libinit2.o(.ARM.Collect$$libinit$$00000030)
    .ARM.Collect$$libinit$$00000031          0x000001c6   Section       12  libinit2.o(.ARM.Collect$$libinit$$00000031)
    .ARM.Collect$$libshutdown$$00000000      0x000001dc   Section        4  libshutdown.o(.ARM.Collect$$libshutdown$$00000000)
    .ARM.Collect$$libshutdown$$00000003      0x000001e0   Section        0  libshutdown2.o(.ARM.Collect$$libshutdown$$00000003)
    .ARM.Collect$$libshutdown$$00000006      0x000001e0   Section        0  libshutdown2.o(.ARM.Collect$$libshutdown$$00000006)
    .ARM.Collect$$libshutdown$$00000009      0x000001e0   Section        0  libshutdown2.o(.ARM.Collect$$libshutdown$$00000009)
    .ARM.Collect$$libshutdown$$0000000B      0x000001e0   Section        0  libshutdown2.o(.ARM.Collect$$libshutdown$$0000000B)
    .ARM.Collect$$libshutdown$$0000000E      0x000001e0   Section        0  libshutdown2.o(.ARM.Collect$$libshutdown$$0000000E)
    .ARM.Collect$$libshutdown$$0000000F      0x000001e0   Section        6  libshutdown2.o(.ARM.Collect$$libshutdown$$0000000F)
    .ARM.Collect$$rtentry$$00000000          0x000001e8   Section        0  rtentry.o(.ARM.Collect$$rtentry$$00000000)
    .ARM.Collect$$rtentry$$00000002          0x000001e8   Section        0  rtentry2.o(.ARM.Collect$$rtentry$$00000002)
    .ARM.Collect$$rtentry$$00000004          0x000001e8   Section        8  rtentry4.o(.ARM.Collect$$rtentry$$00000004)
    .ARM.Collect$$rtentry$$00000009          0x000001f0   Section        0  rtentry2.o(.ARM.Collect$$rtentry$$00000009)
    .ARM.Collect$$rtentry$$0000000A          0x000001f0   Section        4  rtentry2.o(.ARM.Collect$$rtentry$$0000000A)
    .ARM.Collect$$rtentry$$0000000C          0x000001f4   Section        0  rtentry2.o(.ARM.Collect$$rtentry$$0000000C)
    .ARM.Collect$$rtentry$$0000000D          0x000001f4   Section       40  rtentry2.o(.ARM.Collect$$rtentry$$0000000D)
    .ARM.Collect$$rtexit$$00000000           0x00000220   Section        4  rtexit.o(.ARM.Collect$$rtexit$$00000000)
    .ARM.Collect$$rtexit$$00000002           0x00000224   Section        0  rtexit2.o(.ARM.Collect$$rtexit$$00000002)
    .ARM.Collect$$rtexit$$00000003           0x00000224   Section        4  rtexit2.o(.ARM.Collect$$rtexit$$00000003)
    .ARM.Collect$$rtexit$$00000004           0x00000228   Section        8  rtexit2.o(.ARM.Collect$$rtexit$$00000004)
    .text                                    0x00000230   Section       32  startup.o(.text)
    .text                                    0x00000258   Section        0  noretval__2printf.o(.text)
    .text                                    0x00000274   Section        0  __printf.o(.text)
    .text                                    0x000002f4   Section        0  _printf_dec.o(.text)
    .text                                    0x00000364   Section        0  heapauxi.o(.text)
    .text                                    0x0000036a   Section        0  _printf_intcommon.o(.text)
    .text                                    0x00000424   Section        0  _printf_char_file.o(.text)
    .text                                    0x00000454   Section       44  rtudiv10.o(.text)
    .text                                    0x00000480   Section        0  _printf_char_common.o(.text)
    _printf_input_char                       0x00000481   Thumb Code    10  _printf_char_common.o(.text)
    .text                                    0x000004b0   Section        0  ferror.o(.text)
    .text                                    0x000004b8   Section       96  sys_stackheap_outer.o(.text)
    .text                                    0x00000518   Section        0  exit.o(.text)
    .text                                    0x00000524   Section       12  libspace.o(.text)
    .text                                    0x00000538   Section        0  sys_exit.o(.text)
    .text                                    0x00000544   Section        4  use_no_semi.o(.text)
    .text                                    0x00000548   Section        0  indicate_semi.o(.text)
    i.__ARM_common_call_via_r1               0x00000548   Section        0  __printf.o(i.__ARM_common_call_via_r1)
    i.__ARM_common_call_via_r2               0x0000054a   Section        0  __printf.o(i.__ARM_common_call_via_r2)
    i.connectPLL0                            0x0000054c   Section        0  lib_funcs.o(i.connectPLL0)
    i.delayMS                                0x00000578   Section        0  lib_funcs.o(i.delayMS)
    i.delayUS                                0x00000594   Section        0  lib_funcs.o(i.delayUS)
    i.feedSeq                                0x000005d0   Section        0  lib_funcs.o(i.feedSeq)
    i.fputc                                  0x000005ec   Section        0  lib_funcs.o(i.fputc)
    i.initClocks                             0x0000060c   Section        0  lib_funcs.o(i.initClocks)
    i.initTimer0                             0x00000638   Section        0  lib_funcs.o(i.initTimer0)
    i.initUART0                              0x0000065c   Section        0  lib_funcs.o(i.initUART0)
    i.keypad                                 0x000006a4   Section        0  main.o(i.keypad)
    i.main                                   0x00000788   Section        0  main.o(i.main)
    i.recieve                                0x00000854   Section        0  main.o(i.recieve)
    i.setupPLL0                              0x00000b18   Section        0  lib_funcs.o(i.setupPLL0)
    i.startTimer0                            0x00000b34   Section        0  lib_funcs.o(i.startTimer0)
    i.stopTimer0                             0x00000b50   Section        0  lib_funcs.o(i.stopTimer0)
    i.uartWrite                              0x00000b6c   Section        0  lib_funcs.o(i.uartWrite)
    x$fpl$ddiv                               0x00000bd0   Section      736  ddiv.o(x$fpl$ddiv)
    ddiv_entry                               0x00000bd8   ARM Code       0  ddiv.o(x$fpl$ddiv)
    x$fpl$dfix                               0x00000eb0   Section      112  dfix.o(x$fpl$dfix)
    x$fpl$dflt                               0x00000f20   Section       88  dflt_noclz.o(x$fpl$dflt)
    x$fpl$dmul                               0x00000f78   Section      384  dmul.o(x$fpl$dmul)
    x$fpl$dnaninf                            0x000010f8   Section      192  dnaninf.o(x$fpl$dnaninf)
    x$fpl$dretinf                            0x000011b8   Section       16  dretinf.o(x$fpl$dretinf)
    .constdata                               0x000011c8   Section       16  main.o(.constdata)
    x$fpl$usenofp                            0x000011c8   Section        0  usenofp.o(x$fpl$usenofp)
    .data                                    0x40000000   Section        8  lib_funcs.o(.data)
    .data                                    0x40000008   Section       28  main.o(.data)
    .bss                                     0x40000024   Section       96  libspace.o(.bss)
    HEAP                                     0x40000088   Section        0  startup.o(HEAP)
    STACK                                    0x40000088   Section     1160  startup.o(STACK)
    Heap_Mem                                 0x40000088   Data           0  startup.o(HEAP)
    Stack_Mem                                0x40000088   Data        1024  startup.o(STACK)
    Stack_Top                                0x40000510   Data           0  startup.o(STACK)

    Global Symbols

    Symbol Name                              Value     Ov Type        Size  Object(Section)

    BuildAttributes$$THM_ISAv1$ARM_ISAv4$S$PE$A:L22$X:L11$S22$IEEE1$IW$USESV6$~STKCKD$USESV7$~SHL$OSPACE$ROPI$EBA8$UX$STANDARDLIB$REQ8$PRES8$EABIv2 0x00000000   Number         0  anon$$obj.o ABSOLUTE
    __ARM_use_no_argv                        0x00000000   Number         0  main.o ABSOLUTE
    __ARM_exceptions_init                     - Undefined Weak Reference
    __alloca_initialize                       - Undefined Weak Reference
    __cpp_initialize__aeabi_                  - Undefined Weak Reference
    __cxa_finalize                            - Undefined Weak Reference
    __rt_locale                               - Undefined Weak Reference
    __sigvec_lookup                           - Undefined Weak Reference
    _atexit_init                              - Undefined Weak Reference
    _call_atexit_fns                          - Undefined Weak Reference
    _clock_init                               - Undefined Weak Reference
    _fp_trap_init                             - Undefined Weak Reference
    _fp_trap_shutdown                         - Undefined Weak Reference
    _get_lc_collate                           - Undefined Weak Reference
    _get_lc_ctype                             - Undefined Weak Reference
    _get_lc_monetary                          - Undefined Weak Reference
    _get_lc_numeric                           - Undefined Weak Reference
    _get_lc_time                              - Undefined Weak Reference
    _getenv_init                              - Undefined Weak Reference
    _handle_redirection                       - Undefined Weak Reference
    _init_alloc                               - Undefined Weak Reference
    _init_user_alloc                          - Undefined Weak Reference
    _initio                                   - Undefined Weak Reference
    _mutex_acquire                            - Undefined Weak Reference
    _mutex_release                            - Undefined Weak Reference
    _printf_post_padding                      - Undefined Weak Reference
    _printf_pre_padding                       - Undefined Weak Reference
    _printf_truncate_signed                   - Undefined Weak Reference
    _printf_truncate_unsigned                 - Undefined Weak Reference
    _rand_init                                - Undefined Weak Reference
    _signal_finish                            - Undefined Weak Reference
    _signal_init                              - Undefined Weak Reference
    _terminate_alloc                          - Undefined Weak Reference
    _terminate_user_alloc                     - Undefined Weak Reference
    _terminateio                              - Undefined Weak Reference
    Reset_Handler                            0x00000058   ARM Code       0  startup.o(RESET)
    __main                                   0x00000110   ARM Code       8  __main.o(!!!main)
    __scatterload                            0x00000118   ARM Code       0  __scatter.o(!!!scatter)
    __scatterload_rt2                        0x00000118   ARM Code      52  __scatter.o(!!!scatter)
    __scatterload_null                       0x0000012c   ARM Code       0  __scatter.o(!!!scatter)
    __scatterload_copy                       0x00000154   ARM Code      40  __scatter_copy.o(!!handler_copy)
    __scatterload_zeroinit                   0x0000017c   ARM Code      44  __scatter_zi.o(!!handler_zi)
    Inline Thumb to ARM Veneer to _printf_percent 0x000001a9   Thumb Code     4  _printf_percent.o(.ARM.Collect$$_printf_percent$$00000000)
    _printf_d                                0x000001ac   ARM Code       0  _printf_d.o(.ARM.Collect$$_printf_percent$$00000009)
    _printf_percent                          0x000001ac   ARM Code       0  _printf_percent.o(.ARM.Collect$$_printf_percent$$00000000)
    _printf_percent_end                      0x000001b4   ARM Code       0  _printf_percent_end.o(.ARM.Collect$$_printf_percent$$00000017)
    Inline ARM to Thumb Veneer to __rt_lib_init 0x000001bc   ARM Code       8  libinit.o(.ARM.Collect$$libinit$$00000000)
    __rt_lib_init                            0x000001c5   Thumb Code     0  libinit.o(.ARM.Collect$$libinit$$00000000)
    __rt_lib_init_alloca_1                   0x000001c7   Thumb Code     0  libinit2.o(.ARM.Collect$$libinit$$0000002C)
    __rt_lib_init_argv_1                     0x000001c7   Thumb Code     0  libinit2.o(.ARM.Collect$$libinit$$0000002A)
    __rt_lib_init_atexit_1                   0x000001c7   Thumb Code     0  libinit2.o(.ARM.Collect$$libinit$$00000019)
    __rt_lib_init_clock_1                    0x000001c7   Thumb Code     0  libinit2.o(.ARM.Collect$$libinit$$0000001F)
    __rt_lib_init_cpp_1                      0x000001c7   Thumb Code     0  libinit2.o(.ARM.Collect$$libinit$$00000030)
    __rt_lib_init_exceptions_1               0x000001c7   Thumb Code     0  libinit2.o(.ARM.Collect$$libinit$$0000002E)
    __rt_lib_init_fp_1                       0x000001c7   Thumb Code     0  libinit2.o(.ARM.Collect$$libinit$$00000002)
    __rt_lib_init_fp_trap_1                  0x000001c7   Thumb Code     0  libinit2.o(.ARM.Collect$$libinit$$0000001D)
    __rt_lib_init_getenv_1                   0x000001c7   Thumb Code     0  libinit2.o(.ARM.Collect$$libinit$$00000021)
    __rt_lib_init_heap_1                     0x000001c7   Thumb Code     0  libinit2.o(.ARM.Collect$$libinit$$00000008)
    __rt_lib_init_lc_collate_1               0x000001c7   Thumb Code     0  libinit2.o(.ARM.Collect$$libinit$$0000000F)
    __rt_lib_init_lc_ctype_1                 0x000001c7   Thumb Code     0  libinit2.o(.ARM.Collect$$libinit$$00000011)
    __rt_lib_init_lc_monetary_1              0x000001c7   Thumb Code     0  libinit2.o(.ARM.Collect$$libinit$$00000013)
    __rt_lib_init_lc_numeric_1               0x000001c7   Thumb Code     0  libinit2.o(.ARM.Collect$$libinit$$00000015)
    __rt_lib_init_lc_time_1                  0x000001c7   Thumb Code     0  libinit2.o(.ARM.Collect$$libinit$$00000017)
    __rt_lib_init_rand_1                     0x000001c7   Thumb Code     0  libinit2.o(.ARM.Collect$$libinit$$0000000C)
    __rt_lib_init_return                     0x000001c7   Thumb Code     0  libinit2.o(.ARM.Collect$$libinit$$00000031)
    __rt_lib_init_signal_1                   0x000001c7   Thumb Code     0  libinit2.o(.ARM.Collect$$libinit$$0000001B)
    __rt_lib_init_stdio_1                    0x000001c7   Thumb Code     0  libinit2.o(.ARM.Collect$$libinit$$00000023)
    __rt_lib_init_user_alloc_1               0x000001c7   Thumb Code     0  libinit2.o(.ARM.Collect$$libinit$$0000000A)
    Inline ARM to Thumb Veneer to __rt_lib_shutdown 0x000001d4   ARM Code       8  libshutdown.o(.ARM.Collect$$libshutdown$$00000000)
    __rt_lib_shutdown                        0x000001dd   Thumb Code     0  libshutdown.o(.ARM.Collect$$libshutdown$$00000000)
    __rt_lib_shutdown_fp_trap_1              0x000001e1   Thumb Code     0  libshutdown2.o(.ARM.Collect$$libshutdown$$00000006)
    __rt_lib_shutdown_heap_1                 0x000001e1   Thumb Code     0  libshutdown2.o(.ARM.Collect$$libshutdown$$0000000E)
    __rt_lib_shutdown_return                 0x000001e1   Thumb Code     0  libshutdown2.o(.ARM.Collect$$libshutdown$$0000000F)
    __rt_lib_shutdown_signal_1               0x000001e1   Thumb Code     0  libshutdown2.o(.ARM.Collect$$libshutdown$$00000009)
    __rt_lib_shutdown_stdio_1                0x000001e1   Thumb Code     0  libshutdown2.o(.ARM.Collect$$libshutdown$$00000003)
    __rt_lib_shutdown_user_alloc_1           0x000001e1   Thumb Code     0  libshutdown2.o(.ARM.Collect$$libshutdown$$0000000B)
    __rt_entry                               0x000001e8   ARM Code       0  rtentry.o(.ARM.Collect$$rtentry$$00000000)
    __rt_entry_presh_1                       0x000001e8   ARM Code       0  rtentry2.o(.ARM.Collect$$rtentry$$00000002)
    __rt_entry_sh                            0x000001e8   ARM Code       0  rtentry4.o(.ARM.Collect$$rtentry$$00000004)
    __rt_entry_li                            0x000001f0   ARM Code       0  rtentry2.o(.ARM.Collect$$rtentry$$0000000A)
    __rt_entry_postsh_1                      0x000001f0   ARM Code       0  rtentry2.o(.ARM.Collect$$rtentry$$00000009)
    __rt_entry_main                          0x000001f4   ARM Code       0  rtentry2.o(.ARM.Collect$$rtentry$$0000000D)
    __rt_entry_postli_1                      0x000001f4   ARM Code       0  rtentry2.o(.ARM.Collect$$rtentry$$0000000C)
    Inline Thumb to ARM Veneer to __rt_exit  0x0000021d   Thumb Code     4  rtexit.o(.ARM.Collect$$rtexit$$00000000)
    __rt_exit                                0x00000220   ARM Code       0  rtexit.o(.ARM.Collect$$rtexit$$00000000)
    __rt_exit_ls                             0x00000224   ARM Code       0  rtexit2.o(.ARM.Collect$$rtexit$$00000003)
    __rt_exit_prels_1                        0x00000224   ARM Code       0  rtexit2.o(.ARM.Collect$$rtexit$$00000002)
    __rt_exit_exit                           0x00000228   ARM Code       0  rtexit2.o(.ARM.Collect$$rtexit$$00000004)
    __user_initial_stackheap                 0x00000230   ARM Code       0  startup.o(.text)
    Inline ARM to Thumb Veneer to __2printf  0x00000250   ARM Code       8  noretval__2printf.o(.text)
    __2printf                                0x00000259   Thumb Code    22  noretval__2printf.o(.text)
    __printf                                 0x00000275   Thumb Code   118  __printf.o(.text)
    Inline ARM to Thumb Veneer to _printf_int_dec 0x000002ec   ARM Code       8  _printf_dec.o(.text)
    _printf_int_dec                          0x000002f5   Thumb Code    94  _printf_dec.o(.text)
    __use_two_region_memory                  0x00000365   Thumb Code     2  heapauxi.o(.text)
    __rt_heap_escrow$2region                 0x00000367   Thumb Code     2  heapauxi.o(.text)
    __rt_heap_expand$2region                 0x00000369   Thumb Code     2  heapauxi.o(.text)
    _printf_int_common                       0x0000036b   Thumb Code   186  _printf_intcommon.o(.text)
    _printf_char_file                        0x00000425   Thumb Code    38  _printf_char_file.o(.text)
    Inline Thumb to ARM Veneer to __rt_udiv10 0x00000451   Thumb Code     4  rtudiv10.o(.text)
    __rt_udiv10                              0x00000454   ARM Code      44  rtudiv10.o(.text)
    _printf_char_common                      0x0000048b   Thumb Code    34  _printf_char_common.o(.text)
    ferror                                   0x000004b1   Thumb Code     8  ferror.o(.text)
    __user_setup_stackheap                   0x000004b8   ARM Code      96  sys_stackheap_outer.o(.text)
    exit                                     0x00000519   Thumb Code    12  exit.o(.text)
    __user_libspace                          0x00000524   ARM Code      12  libspace.o(.text)
    __user_perproc_libspace                  0x00000524   ARM Code       0  libspace.o(.text)
    __user_perthread_libspace                0x00000524   ARM Code       0  libspace.o(.text)
    Inline ARM to Thumb Veneer to _sys_exit  0x00000530   ARM Code       8  sys_exit.o(.text)
    _sys_exit                                0x00000539   Thumb Code     8  sys_exit.o(.text)
    __I$use$semihosting                      0x00000544   ARM Code       0  use_no_semi.o(.text)
    __use_no_semihosting_swi                 0x00000544   ARM Code       4  use_no_semi.o(.text)
    __ARM_common_call_via_r1                 0x00000549   Thumb Code     2  __printf.o(i.__ARM_common_call_via_r1)
    __semihosting_library_function           0x00000548   ARM Code       0  indicate_semi.o(.text)
    __ARM_common_call_via_r2                 0x0000054b   Thumb Code     2  __printf.o(i.__ARM_common_call_via_r2)
    connectPLL0                              0x0000054c   ARM Code      40  lib_funcs.o(i.connectPLL0)
    delayMS                                  0x00000578   ARM Code      28  lib_funcs.o(i.delayMS)
    delayUS                                  0x00000594   ARM Code      56  lib_funcs.o(i.delayUS)
    feedSeq                                  0x000005d0   ARM Code      24  lib_funcs.o(i.feedSeq)
    fputc                                    0x000005ec   ARM Code      32  lib_funcs.o(i.fputc)
    initClocks                               0x0000060c   ARM Code      40  lib_funcs.o(i.initClocks)
    initTimer0                               0x00000638   ARM Code      32  lib_funcs.o(i.initTimer0)
    initUART0                                0x0000065c   ARM Code      68  lib_funcs.o(i.initUART0)
    keypad                                   0x000006a4   ARM Code     212  main.o(i.keypad)
    main                                     0x00000788   ARM Code     168  main.o(i.main)
    recieve                                  0x00000854   ARM Code     456  main.o(i.recieve)
    setupPLL0                                0x00000b18   ARM Code      24  lib_funcs.o(i.setupPLL0)
    startTimer0                              0x00000b34   ARM Code      24  lib_funcs.o(i.startTimer0)
    stopTimer0                               0x00000b50   ARM Code      24  lib_funcs.o(i.stopTimer0)
    uartWrite                                0x00000b6c   ARM Code      96  lib_funcs.o(i.uartWrite)
    __aeabi_ddiv                             0x00000bd0   ARM Code       0  ddiv.o(x$fpl$ddiv)
    _ddiv                                    0x00000bd0   ARM Code     600  ddiv.o(x$fpl$ddiv)
    __aeabi_d2iz                             0x00000eb0   ARM Code       0  dfix.o(x$fpl$dfix)
    _dfix                                    0x00000eb0   ARM Code     112  dfix.o(x$fpl$dfix)
    __aeabi_i2d                              0x00000f20   ARM Code       0  dflt_noclz.o(x$fpl$dflt)
    _dflt                                    0x00000f20   ARM Code      88  dflt_noclz.o(x$fpl$dflt)
    __dflt_normalise                         0x00000f30   ARM Code       0  dflt_noclz.o(x$fpl$dflt)
    __aeabi_dmul                             0x00000f78   ARM Code       0  dmul.o(x$fpl$dmul)
    _dmul                                    0x00000f78   ARM Code     372  dmul.o(x$fpl$dmul)
    __fpl_dnaninf                            0x000010f8   ARM Code     192  dnaninf.o(x$fpl$dnaninf)
    __fpl_dretinf                            0x000011b8   ARM Code      16  dretinf.o(x$fpl$dretinf)
    __I$use$fp                               0x000011c8   Number         0  usenofp.o(x$fpl$usenofp)
    Region$$Table$$Base                      0x000011d8   Number         0  anon$$obj.o(Region$$Table)
    Region$$Table$$Limit                     0x000011f8   Number         0  anon$$obj.o(Region$$Table)
    __stdout                                 0x40000000   Data           4  lib_funcs.o(.data)
    __stdin                                  0x40000004   Data           4  lib_funcs.o(.data)
    var1                                     0x40000008   Data           4  main.o(.data)
    var2                                     0x4000000c   Data           4  main.o(.data)
    i                                        0x40000010   Data           4  main.o(.data)
    j                                        0x40000014   Data           4  main.o(.data)
    k                                        0x40000018   Data           4  main.o(.data)
    l                                        0x4000001c   Data           4  main.o(.data)
    m                                        0x40000020   Data           4  main.o(.data)
    __libspace_start                         0x40000024   Data          96  libspace.o(.bss)
    __temporary_stack_top$libspace           0x40000084   Data           0  libspace.o(.bss)



==============================================================================

Memory Map of the image

  Image Entry point : 0x00000110

  Load Region LR_IROM1 (Base: 0x00000000, Size: 0x0000121c, Max: 0x00080000, ABSOLUTE)

    Execution Region ER_IROM1 (Base: 0x00000000, Size: 0x000011f8, Max: 0x00080000, ABSOLUTE)

    Base Addr    Size         Type   Attr      Idx    E Section Name        Object

    0x00000000   0x00000110   Code   RO            3    RESET               startup.o
    0x00000110   0x00000008   Code   RO          191  * !!!main             c_t.l(__main.o)
    0x00000118   0x0000003c   Code   RO          383    !!!scatter          c_t.l(__scatter.o)
    0x00000154   0x00000028   Code   RO          385    !!handler_copy      c_t.l(__scatter_copy.o)
    0x0000017c   0x0000002c   Code   RO          387    !!handler_zi        c_t.l(__scatter_zi.o)
    0x000001a8   0x00000004   Ven    RO          188    .ARM.Collect$$_printf_percent$$00000000  c_t.l(_printf_percent.o)
    0x000001ac   0x00000000   Code   RO          188    .ARM.Collect$$_printf_percent$$00000000  c_t.l(_printf_percent.o)
    0x000001ac   0x00000008   Code   RO          187    .ARM.Collect$$_printf_percent$$00000009  c_t.l(_printf_d.o)
    0x000001b4   0x00000008   Code   RO          212    .ARM.Collect$$_printf_percent$$00000017  c_t.l(_printf_percent_end.o)
    0x000001bc   0x00000008   Ven    RO          256    .ARM.Collect$$libinit$$00000000  c_t.l(libinit.o)
    0x000001c4   0x00000002   Code   RO          256    .ARM.Collect$$libinit$$00000000  c_t.l(libinit.o)
    0x000001c6   0x00000000   Code   RO          263    .ARM.Collect$$libinit$$00000002  c_t.l(libinit2.o)
    0x000001c6   0x00000000   Code   RO          266    .ARM.Collect$$libinit$$00000008  c_t.l(libinit2.o)
    0x000001c6   0x00000000   Code   RO          268    .ARM.Collect$$libinit$$0000000A  c_t.l(libinit2.o)
    0x000001c6   0x00000000   Code   RO          270    .ARM.Collect$$libinit$$0000000C  c_t.l(libinit2.o)
    0x000001c6   0x00000000   Code   RO          273    .ARM.Collect$$libinit$$0000000F  c_t.l(libinit2.o)
    0x000001c6   0x00000000   Code   RO          275    .ARM.Collect$$libinit$$00000011  c_t.l(libinit2.o)
    0x000001c6   0x00000000   Code   RO          277    .ARM.Collect$$libinit$$00000013  c_t.l(libinit2.o)
    0x000001c6   0x00000000   Code   RO          279    .ARM.Collect$$libinit$$00000015  c_t.l(libinit2.o)
    0x000001c6   0x00000000   Code   RO          281    .ARM.Collect$$libinit$$00000017  c_t.l(libinit2.o)
    0x000001c6   0x00000000   Code   RO          283    .ARM.Collect$$libinit$$00000019  c_t.l(libinit2.o)
    0x000001c6   0x00000000   Code   RO          285    .ARM.Collect$$libinit$$0000001B  c_t.l(libinit2.o)
    0x000001c6   0x00000000   Code   RO          287    .ARM.Collect$$libinit$$0000001D  c_t.l(libinit2.o)
    0x000001c6   0x00000000   Code   RO          289    .ARM.Collect$$libinit$$0000001F  c_t.l(libinit2.o)
    0x000001c6   0x00000000   Code   RO          291    .ARM.Collect$$libinit$$00000021  c_t.l(libinit2.o)
    0x000001c6   0x00000000   Code   RO          293    .ARM.Collect$$libinit$$00000023  c_t.l(libinit2.o)
    0x000001c6   0x00000000   Code   RO          297    .ARM.Collect$$libinit$$0000002A  c_t.l(libinit2.o)
    0x000001c6   0x00000000   Code   RO          299    .ARM.Collect$$libinit$$0000002C  c_t.l(libinit2.o)
    0x000001c6   0x00000000   Code   RO          301    .ARM.Collect$$libinit$$0000002E  c_t.l(libinit2.o)
    0x000001c6   0x00000000   Code   RO          303    .ARM.Collect$$libinit$$00000030  c_t.l(libinit2.o)
    0x000001c6   0x0000000c   Code   RO          304    .ARM.Collect$$libinit$$00000031  c_t.l(libinit2.o)
    0x000001d2   0x00000002   PAD
    0x000001d4   0x00000008   Ven    RO          324    .ARM.Collect$$libshutdown$$00000000  c_t.l(libshutdown.o)
    0x000001dc   0x00000004   Code   RO          324    .ARM.Collect$$libshutdown$$00000000  c_t.l(libshutdown.o)
    0x000001e0   0x00000000   Code   RO          338    .ARM.Collect$$libshutdown$$00000003  c_t.l(libshutdown2.o)
    0x000001e0   0x00000000   Code   RO          341    .ARM.Collect$$libshutdown$$00000006  c_t.l(libshutdown2.o)
    0x000001e0   0x00000000   Code   RO          344    .ARM.Collect$$libshutdown$$00000009  c_t.l(libshutdown2.o)
    0x000001e0   0x00000000   Code   RO          346    .ARM.Collect$$libshutdown$$0000000B  c_t.l(libshutdown2.o)
    0x000001e0   0x00000000   Code   RO          349    .ARM.Collect$$libshutdown$$0000000E  c_t.l(libshutdown2.o)
    0x000001e0   0x00000006   Code   RO          350    .ARM.Collect$$libshutdown$$0000000F  c_t.l(libshutdown2.o)
    0x000001e6   0x00000002   PAD
    0x000001e8   0x00000000   Code   RO          207    .ARM.Collect$$rtentry$$00000000  c_t.l(rtentry.o)
    0x000001e8   0x00000000   Code   RO          221    .ARM.Collect$$rtentry$$00000002  c_t.l(rtentry2.o)
    0x000001e8   0x00000008   Code   RO          233    .ARM.Collect$$rtentry$$00000004  c_t.l(rtentry4.o)
    0x000001f0   0x00000000   Code   RO          223    .ARM.Collect$$rtentry$$00000009  c_t.l(rtentry2.o)
    0x000001f0   0x00000004   Code   RO          224    .ARM.Collect$$rtentry$$0000000A  c_t.l(rtentry2.o)
    0x000001f4   0x00000000   Code   RO          226    .ARM.Collect$$rtentry$$0000000C  c_t.l(rtentry2.o)
    0x000001f4   0x00000028   Code   RO          227    .ARM.Collect$$rtentry$$0000000D  c_t.l(rtentry2.o)
    0x0000021c   0x00000004   Ven    RO          260    .ARM.Collect$$rtexit$$00000000  c_t.l(rtexit.o)
    0x00000220   0x00000004   Code   RO          260    .ARM.Collect$$rtexit$$00000000  c_t.l(rtexit.o)
    0x00000224   0x00000000   Code   RO          306    .ARM.Collect$$rtexit$$00000002  c_t.l(rtexit2.o)
    0x00000224   0x00000004   Code   RO          307    .ARM.Collect$$rtexit$$00000003  c_t.l(rtexit2.o)
    0x00000228   0x00000008   Code   RO          308    .ARM.Collect$$rtexit$$00000004  c_t.l(rtexit2.o)
    0x00000230   0x00000020   Code   RO            4    .text               startup.o
    0x00000250   0x00000008   Ven    RO          157    .text               c_t.l(noretval__2printf.o)
    0x00000258   0x0000001c   Code   RO          157    .text               c_t.l(noretval__2printf.o)
    0x00000274   0x00000076   Code   RO          159    .text               c_t.l(__printf.o)
    0x000002ea   0x00000002   PAD
    0x000002ec   0x00000008   Ven    RO          165    .text               c_t.l(_printf_dec.o)
    0x000002f4   0x00000070   Code   RO          165    .text               c_t.l(_printf_dec.o)
    0x00000364   0x00000006   Code   RO          189    .text               c_t.l(heapauxi.o)
    0x0000036a   0x000000ba   Code   RO          208    .text               c_t.l(_printf_intcommon.o)
    0x00000424   0x0000002c   Code   RO          210    .text               c_t.l(_printf_char_file.o)
    0x00000450   0x00000004   Ven    RO          213    .text               c_t.l(rtudiv10.o)
    0x00000454   0x0000002c   Code   RO          213    .text               c_t.l(rtudiv10.o)
    0x00000480   0x00000030   Code   RO          235    .text               c_t.l(_printf_char_common.o)
    0x000004b0   0x00000008   Code   RO          237    .text               c_t.l(ferror.o)
    0x000004b8   0x00000060   Code   RO          241    .text               c_t.l(sys_stackheap_outer.o)
    0x00000518   0x0000000c   Code   RO          249    .text               c_t.l(exit.o)
    0x00000524   0x0000000c   Code   RO          257    .text               c_t.l(libspace.o)
    0x00000530   0x00000008   Ven    RO          316    .text               c_t.l(sys_exit.o)
    0x00000538   0x0000000c   Code   RO          316    .text               c_t.l(sys_exit.o)
    0x00000544   0x00000004   Code   RO          327    .text               c_t.l(use_no_semi.o)
    0x00000548   0x00000000   Code   RO          329    .text               c_t.l(indicate_semi.o)
    0x00000548   0x00000002   Code   RO          163    i.__ARM_common_call_via_r1  c_t.l(__printf.o)
    0x0000054a   0x00000002   Code   RO          161    i.__ARM_common_call_via_r2  c_t.l(__printf.o)
    0x0000054c   0x0000002c   Code   RO           11    i.connectPLL0       lib_funcs.o
    0x00000578   0x0000001c   Code   RO           12    i.delayMS           lib_funcs.o
    0x00000594   0x0000003c   Code   RO           13    i.delayUS           lib_funcs.o
    0x000005d0   0x0000001c   Code   RO           14    i.feedSeq           lib_funcs.o
    0x000005ec   0x00000020   Code   RO           16    i.fputc             lib_funcs.o
    0x0000060c   0x0000002c   Code   RO           17    i.initClocks        lib_funcs.o
    0x00000638   0x00000024   Code   RO           18    i.initTimer0        lib_funcs.o
    0x0000065c   0x00000048   Code   RO           19    i.initUART0         lib_funcs.o
    0x000006a4   0x000000e4   Code   RO          116    i.keypad            main.o
    0x00000788   0x000000cc   Code   RO          117    i.main              main.o
    0x00000854   0x000002c4   Code   RO          118    i.recieve           main.o
    0x00000b18   0x0000001c   Code   RO           20    i.setupPLL0         lib_funcs.o
    0x00000b34   0x0000001c   Code   RO           21    i.startTimer0       lib_funcs.o
    0x00000b50   0x0000001c   Code   RO           22    i.stopTimer0        lib_funcs.o
    0x00000b6c   0x00000064   Code   RO           24    i.uartWrite         lib_funcs.o
    0x00000bd0   0x000002e0   Code   RO          194    x$fpl$ddiv          fz_ts.l(ddiv.o)
    0x00000eb0   0x00000070   Code   RO          197    x$fpl$dfix          fz_ts.l(dfix.o)
    0x00000f20   0x00000058   Code   RO          202    x$fpl$dflt          fz_ts.l(dflt_noclz.o)
    0x00000f78   0x00000180   Code   RO          205    x$fpl$dmul          fz_ts.l(dmul.o)
    0x000010f8   0x000000c0   Code   RO          215    x$fpl$dnaninf       fz_ts.l(dnaninf.o)
    0x000011b8   0x00000010   Code   RO          217    x$fpl$dretinf       fz_ts.l(dretinf.o)
    0x000011c8   0x00000000   Code   RO          219    x$fpl$usenofp       fz_ts.l(usenofp.o)
    0x000011c8   0x00000010   Data   RO          119    .constdata          main.o
    0x000011d8   0x00000020   Data   RO          381    Region$$Table       anon$$obj.o


    Execution Region RW_IRAM1 (Base: 0x40000000, Size: 0x00000510, Max: 0x00008000, ABSOLUTE)

    Base Addr    Size         Type   Attr      Idx    E Section Name        Object

    0x40000000   0x00000008   Data   RW           25    .data               lib_funcs.o
    0x40000008   0x0000001c   Data   RW          120    .data               main.o
    0x40000024   0x00000060   Zero   RW          258    .bss                c_t.l(libspace.o)
    0x40000084   0x00000004   PAD
    0x40000088   0x00000000   Zero   RW            2    HEAP                startup.o
    0x40000088   0x00000488   Zero   RW            1    STACK               startup.o


==============================================================================

Image component sizes


      Code (inc. data)   RO Data    RW Data    ZI Data      Debug   Object Name

       528         40          0          8          0       8663   lib_funcs.o
      1140        304         16         28          0       2200   main.o
       304         60          0          0       1160        604   startup.o

    ----------------------------------------------------------------------
      1972        404         48         36       1160      11467   Object Totals
         0          0         32          0          0          0   (incl. Generated)
         0          0          0          0          0          0   (incl. Padding)

    ----------------------------------------------------------------------

      Code (inc. data)   RO Data    RW Data    ZI Data      Debug   Library Member Name

         8          0          0          0          0         68   __main.o
       122          0          0          0          0        208   __printf.o
        60          8          0          0          0          0   __scatter.o
        40          0          0          0          0          0   __scatter_copy.o
        44          0          0          0          0          0   __scatter_zi.o
        48          4          0          0          0         96   _printf_char_common.o
        44          6          0          0          0         88   _printf_char_file.o
         8          0          0          0          0          0   _printf_d.o
       120         18          0          0          0         88   _printf_dec.o
       186          0          0          0          0         96   _printf_intcommon.o
         4          0          0          0          0          0   _printf_percent.o
         8          0          0          0          0          0   _printf_percent_end.o
        12          0          0          0          0         64   exit.o
         8          0          0          0          0         60   ferror.o
         6          0          0          0          0        136   heapauxi.o
         0          0          0          0          0          0   indicate_semi.o
        10          0          0          0          0          0   libinit.o
        12          0          0          0          0          0   libinit2.o
        12          0          0          0          0          0   libshutdown.o
         6          0          0          0          0          0   libshutdown2.o
        12          4          0          0         96         68   libspace.o
        36          6          0          0          0         84   noretval__2printf.o
         0          0          0          0          0          0   rtentry.o
        44          4          0          0          0          0   rtentry2.o
         8          0          0          0          0          0   rtentry4.o
         8          0          0          0          0          0   rtexit.o
        12          0          0          0          0          0   rtexit2.o
        48          0          0          0          0         68   rtudiv10.o
        20          4          0          0          0         60   sys_exit.o
        96          0          0          0          0         80   sys_stackheap_outer.o
         4          0          0          0          0         68   use_no_semi.o
       736        140          0          0          0        228   ddiv.o
       112          4          0          0          0         92   dfix.o
        88          0          0          0          0         68   dflt_noclz.o
       384         16          0          0          0        124   dmul.o
       192          0          0          0          0        108   dnaninf.o
        16          0          0          0          0         68   dretinf.o
         0          0          0          0          0          0   usenofp.o

    ----------------------------------------------------------------------
      2580        214          0          0        100       2020   Library Totals
         6          0          0          0          4          0   (incl. Padding)

    ----------------------------------------------------------------------

      Code (inc. data)   RO Data    RW Data    ZI Data      Debug   Library Name

      1046         54          0          0         96       1332   c_t.l
      1528        160          0          0          0        688   fz_ts.l

    ----------------------------------------------------------------------
      2580        214          0          0        100       2020   Library Totals

    ----------------------------------------------------------------------

==============================================================================


      Code (inc. data)   RO Data    RW Data    ZI Data      Debug   

      4552        618         48         36       1260      12063   Grand Totals
      4552        618         48         36       1260      12063   ELF Image Totals
      4552        618         48         36          0          0   ROM Totals

==============================================================================

    Total RO  Size (Code + RO Data)                 4600 (   4.49kB)
    Total RW  Size (RW Data + ZI Data)              1296 (   1.27kB)
    Total ROM Size (Code + RO Data + RW Data)       4636 (   4.53kB)

==============================================================================

